204 jobs
xyz2 phen_cs X bm 7 7 0.036 8000 188 36.2
xyz2 phen_cs X bm 7 7 0.032 8000 113 36.6
xyz2 phen_cs X bm 7 7 0.04 8000 244 37.2
xyz2 phen_cs X bm 7 7 0.044 8000 425 37.0
xyz2 phen_cs Y bm 7 7 0.032 8000 126 36.3
xyz2 phen_cs Y bm 7 7 0.036 8000 194 37.1
xyz2 phen_cs Y bm 7 7 0.044 8000 531 34.4
xyz2 phen_cs Y bm 7 7 0.04 8000 337 35.5
xzzx phen_cs X bm 7 7 0.032 8000 163 19.9
xzzx phen_cs X bm 7 7 0.036 8000 223 21.2
xzzx phen_cs X bm 7 7 0.04 8000 339 21.8
xzzx phen_cs X bm 7 7 0.044 8000 460 20.7
xzzx phen_cs Z bm 7 7 0.032 8000 148 19.8
xzzx phen_cs Z bm 7 7 0.036 8000 214 20.6
xzzx phen_cs Z bm 7 7 0.04 8000 334 20.8
xzzx phen_cs Z bm 7 7 0.044 8000 526 21.5
xyz2 phen_b10_cs X bm 7 7 0.046 8000 101 35.8
xyz2 phen_b10_cs X bm 7 7 0.05133 8000 196 37.1
xyz2 phen_b10_cs X bm 7 7 0.05667 8000 360 44.2
xyz2 phen_b10_cs X bm 7 7 0.062 8000 624 45.6
xyz2 phen_b10_cs Y bm 7 7 0.046 8000 62 38.7
xyz2 phen_b10_cs Y bm 7 7 0.05133 8000 129 38.0
xyz2 phen_b10_cs Y bm 7 7 0.05667 8000 283 38.8
xyz2 phen_b10_cs Y bm 7 7 0.062 8000 533 37.4
xzzx phen_b10_cs X bm 7 7 0.046 8000 258 20.9
xzzx phen_b10_cs X bm 7 7 0.05133 8000 388 21.5
xzzx phen_b10_cs X bm 7 7 0.05667 8000 522 20.6
xzzx phen_b10_cs X bm 7 7 0.062 8000 758 21.0
xzzx phen_b10_cs Z bm 7 7 0.046 8000 199 19.0
xzzx phen_b10_cs Z bm 7 7 0.05133 8000 315 21.0
xzzx phen_b10_cs Z bm 7 7 0.05667 8000 415 21.3
xzzx phen_b10_cs Z bm 7 7 0.062 8000 573 21.9
xyz2 phen_cs X bm 5 5 0.032 12000 192 17.7
xyz2 phen_cs X bm 5 5 0.036 12000 316 17.7
xyz2 phen_cs X bm 5 5 0.04 12000 381 19.4
xyz2 phen_cs X bm 5 5 0.044 12000 582 19.8
xyz2 phen_cs Y bm 5 5 0.032 12000 262 18.3
xyz2 phen_cs Y bm 5 5 0.036 12000 385 17.9
xyz2 phen_cs Y bm 5 5 0.04 12000 536 18.2
xyz2 phen_cs Y bm 5 5 0.044 12000 744 18.6
xzzx phen_cs X bm 5 5 0.032 12000 284 9.1
xzzx phen_cs X bm 5 5 0.036 12000 422 10.0
xzzx phen_cs X bm 5 5 0.04 12000 609 11.0
xzzx phen_cs X bm 5 5 0.044 12000 768 10.3
xzzx phen_cs Z bm 5 5 0.032 12000 285 9.3
xzzx phen_cs Z bm 5 5 0.036 12000 424 9.9
xzzx phen_cs Z bm 5 5 0.04 12000 583 10.0
xzzx phen_cs Z bm 5 5 0.044 12000 760 11.2
xyz2 phen_b10_cs X bm 5 5 0.046 12000 185 18.8
xyz2 phen_b10_cs X bm 5 5 0.05133 12000 313 19.7
xyz2 phen_b10_cs X bm 5 5 0.05667 12000 481 20.1
xyz2 phen_b10_cs X bm 5 5 0.062 12000 737 19.8
xyz2 phen_b10_cs Y bm 5 5 0.046 12000 142 19.7
xyz2 phen_b10_cs Y bm 5 5 0.05133 12000 226 19.2
xyz2 phen_b10_cs Y bm 5 5 0.05667 12000 390 19.3
xyz2 phen_b10_cs Y bm 5 5 0.062 12000 566 19.6
xzzx phen_b10_cs X bm 5 5 0.046 12000 498 10.7
xzzx phen_b10_cs X bm 5 5 0.05133 12000 626 10.8
xzzx phen_b10_cs X bm 5 5 0.05667 12000 846 11.2
xzzx phen_b10_cs X bm 5 5 0.062 12000 1044 10.7
xzzx phen_b10_cs Z bm 5 5 0.046 12000 326 10.2
xzzx phen_b10_cs Z bm 5 5 0.05133 12000 449 10.1
xzzx phen_b10_cs Z bm 5 5 0.05667 12000 613 11.1
xyz2 phen_cs X bm 3 3 0.032 12000 236 3.6
xyz2 phen_cs X bm 3 3 0.036 12000 296 2.9
xzzx phen_b10_cs Z bm 5 5 0.062 12000 717 11.8
xyz2 phen_cs X bm 3 3 0.04 12000 383 3.2
xyz2 phen_cs X bm 3 3 0.044 12000 496 3.3
xyz2 phen_cs Y bm 3 3 0.032 12000 421 2.6
xyz2 phen_cs Y bm 3 3 0.036 12000 542 2.9
xyz2 phen_cs Y bm 3 3 0.04 12000 629 3.2
xzzx phen_cs X bm 3 3 0.032 12000 427 1.3
xyz2 phen_cs Y bm 3 3 0.044 12000 815 3.2
xzzx phen_cs X bm 3 3 0.036 12000 517 1.6
xzzx phen_cs X bm 3 3 0.04 12000 657 1.8
xzzx phen_cs X bm 3 3 0.044 12000 795 2.1
xzzx phen_cs Z bm 3 3 0.032 12000 424 1.7
xzzx phen_cs Z bm 3 3 0.036 12000 551 1.8
xzzx phen_cs Z bm 3 3 0.04 12000 668 1.8
xzzx phen_cs Z bm 3 3 0.044 12000 751 1.9
xyz2 phen_b10_cs X bm 3 3 0.046 12000 249 3.8
xyz2 phen_b10_cs X bm 3 3 0.05133 12000 336 3.9
xyz2 phen_b10_cs X bm 3 3 0.05667 12000 431 4.1
xyz2 phen_b10_cs X bm 3 3 0.062 12000 539 3.9
xyz2 phen_b10_cs Y bm 3 3 0.046 12000 227 3.9
xyz2 phen_b10_cs Y bm 3 3 0.05133 12000 351 3.8
xyz2 phen_b10_cs Y bm 3 3 0.05667 12000 424 4.3
xyz2 phen_b10_cs Y bm 3 3 0.062 12000 552 4.3
xzzx phen_b10_cs X bm 3 3 0.046 12000 658 2.0
xzzx phen_b10_cs X bm 3 3 0.05133 12000 793 1.8
xzzx phen_b10_cs X bm 3 3 0.05667 12000 913 2.1
xzzx phen_b10_cs X bm 3 3 0.062 12000 1057 2.0
xzzx phen_b10_cs Z bm 3 3 0.046 12000 325 1.8
xzzx phen_b10_cs Z bm 3 3 0.05133 12000 362 2.1
xzzx phen_b10_cs Z bm 3 3 0.05667 12000 481 1.9
xzzx phen_b10_cs Z bm 3 3 0.062 12000 475 2.1
xyz2 phen_cs X mwpm 7 7 0.032 30000 1054 1.0
xyz2 phen_cs X mwpm 7 7 0.036 30000 1737 1.2
xyz2 phen_cs X mwpm 7 7 0.04 30000 2647 1.2
xyz2 phen_cs X mwpm 7 7 0.026 30000 353 0.7
xyz2 phen_cs X mwpm 7 7 0.044 26000 3144 1.2
xyz2 phen_cs X mwpm 7 7 0.03 30000 713 0.9
xyz2 phen_cs Y mwpm 7 7 0.032 30000 1325 1.0
xyz2 phen_cs Y mwpm 7 7 0.036 30000 2172 1.1
xyz2 phen_cs Y mwpm 7 7 0.04 30000 3189 1.3
xyz2 phen_cs Y mwpm 7 7 0.044 22000 3105 1.2
xyz2 phen_cs Y mwpm 7 7 0.026 30000 538 0.9
xzzx phen_cs X mwpm 7 7 0.032 30000 1137 0.4
xyz2 phen_cs Y mwpm 7 7 0.03 30000 971 0.9
xzzx phen_cs X mwpm 7 7 0.036 30000 1653 0.5
xzzx phen_cs X mwpm 7 7 0.04 30000 2543 0.6
xzzx phen_cs X mwpm 7 7 0.044 30000 3378 0.6
xzzx phen_cs Z mwpm 7 7 0.032 30000 1144 0.5
xzzx phen_cs Z mwpm 7 7 0.036 30000 1765 0.5
xzzx phen_cs Z mwpm 7 7 0.04 30000 2440 0.7
xzzx phen_cs Z mwpm 7 7 0.044 30000 3374 0.8
xyz2 phen_b10_cs X mwpm 7 7 0.022 30000 168 0.7
xyz2 phen_b10_cs X mwpm 7 7 0.02733 30000 503 0.8
xyz2 phen_b10_cs X mwpm 7 7 0.03267 30000 1285 1.2
xyz2 phen_b10_cs X mwpm 7 7 0.038 30000 2588 1.2
xyz2 phen_b10_cs Y mwpm 7 7 0.022 30000 236 0.8
xyz2 phen_b10_cs Y mwpm 7 7 0.02733 30000 693 1.0
xyz2 phen_b10_cs Y mwpm 7 7 0.03267 30000 1457 1.2
xzzx phen_b10_cs X mwpm 7 7 0.046 30000 1070 0.6
xyz2 phen_b10_cs Y mwpm 7 7 0.038 30000 2732 1.4
xzzx phen_b10_cs X mwpm 7 7 0.05133 30000 1589 0.7
xzzx phen_b10_cs X mwpm 7 7 0.05667 30000 2294 0.7
xzzx phen_b10_cs Z mwpm 7 7 0.046 30000 831 0.6
xzzx phen_b10_cs X mwpm 7 7 0.062 30000 3020 0.9
xzzx phen_b10_cs Z mwpm 7 7 0.05133 30000 1216 0.6
xzzx phen_b10_cs Z mwpm 7 7 0.05667 30000 1775 0.7
xyz2 phen_cs X mwpm 5 5 0.032 30000 982 0.4
xzzx phen_b10_cs Z mwpm 7 7 0.062 30000 2261 0.8
xyz2 phen_cs X mwpm 5 5 0.036 30000 1369 0.4
xyz2 phen_cs X mwpm 5 5 0.04 30000 1927 0.4
xyz2 phen_cs X mwpm 5 5 0.044 30000 2541 0.4
xyz2 phen_cs X mwpm 5 5 0.026 30000 474 0.3
xyz2 phen_cs X mwpm 5 5 0.03 30000 773 0.3
xyz2 phen_cs Y mwpm 5 5 0.032 30000 1418 0.3
xyz2 phen_cs Y mwpm 5 5 0.036 30000 1944 0.3
xyz2 phen_cs Y mwpm 5 5 0.04 30000 2673 0.4
xyz2 phen_cs Y mwpm 5 5 0.044 26000 3060 0.4
xyz2 phen_cs Y mwpm 5 5 0.026 30000 754 0.2
xyz2 phen_cs Y mwpm 5 5 0.03 30000 1138 0.3
xzzx phen_cs X mwpm 5 5 0.032 30000 1306 0.2
xzzx phen_cs X mwpm 5 5 0.036 30000 1803 0.2
xzzx phen_cs X mwpm 5 5 0.04 30000 2356 0.2
xzzx phen_cs X mwpm 5 5 0.044 30000 2844 0.2
xzzx phen_cs Z mwpm 5 5 0.032 30000 1329 0.2
xzzx phen_cs Z mwpm 5 5 0.036 30000 1769 0.2
xzzx phen_cs Z mwpm 5 5 0.04 30000 2280 0.2
xzzx phen_cs Z mwpm 5 5 0.044 30000 2860 0.2
xyz2 phen_b10_cs X mwpm 5 5 0.022 30000 283 0.2
xyz2 phen_b10_cs X mwpm 5 5 0.02733 30000 644 0.3
xyz2 phen_b10_cs X mwpm 5 5 0.03267 30000 1187 0.3
xyz2 phen_b10_cs Y mwpm 5 5 0.022 30000 382 0.3
xyz2 phen_b10_cs X mwpm 5 5 0.038 30000 1936 0.5
xyz2 phen_b10_cs Y mwpm 5 5 0.02733 30000 881 0.3
xyz2 phen_b10_cs Y mwpm 5 5 0.03267 30000 1469 0.4
xzzx phen_b10_cs X mwpm 5 5 0.046 30000 1366 0.2
xyz2 phen_b10_cs Y mwpm 5 5 0.038 30000 2331 0.4
xzzx phen_b10_cs X mwpm 5 5 0.05133 30000 1737 0.2
xzzx phen_b10_cs X mwpm 5 5 0.05667 30000 2307 0.2
xzzx phen_b10_cs X mwpm 5 5 0.062 30000 2895 0.3
xzzx phen_b10_cs Z mwpm 5 5 0.046 30000 915 0.2
xzzx phen_b10_cs Z mwpm 5 5 0.05133 30000 1173 0.2
xzzx phen_b10_cs Z mwpm 5 5 0.05667 30000 1534 0.3
xzzx phen_b10_cs Z mwpm 5 5 0.062 30000 1977 0.2
xyz2 phen_cs X mwpm 3 3 0.032 30000 785 0.1
xyz2 phen_cs X mwpm 3 3 0.036 30000 1040 0.1
xyz2 phen_cs X mwpm 3 3 0.04 30000 1259 0.1
xyz2 phen_cs X mwpm 3 3 0.026 30000 496 0.1
xyz2 phen_cs X mwpm 3 3 0.044 30000 1549 0.1
xyz2 phen_cs X mwpm 3 3 0.03 30000 667 0.1
xyz2 phen_cs Y mwpm 3 3 0.032 30000 1672 0.1
xyz2 phen_cs Y mwpm 3 3 0.036 30000 2054 0.1
xyz2 phen_cs Y mwpm 3 3 0.04 30000 2393 0.1
xyz2 phen_cs Y mwpm 3 3 0.044 30000 2803 0.1
xyz2 phen_cs Y mwpm 3 3 0.026 30000 1151 0.0
xzzx phen_cs X mwpm 3 3 0.032 30000 1341 0.0
xzzx phen_cs X mwpm 3 3 0.036 30000 1621 0.0
xyz2 phen_cs Y mwpm 3 3 0.03 30000 1456 0.1
xzzx phen_cs X mwpm 3 3 0.04 30000 2076 0.0
xzzx phen_cs X mwpm 3 3 0.044 30000 2374 0.0
xzzx phen_cs Z mwpm 3 3 0.032 30000 1369 0.0
xzzx phen_cs Z mwpm 3 3 0.036 30000 1648 0.0
xzzx phen_cs Z mwpm 3 3 0.04 30000 1956 0.0
xzzx phen_cs Z mwpm 3 3 0.044 30000 2218 0.0
xyz2 phen_b10_cs X mwpm 3 3 0.022 30000 433 0.1
xyz2 phen_b10_cs X mwpm 3 3 0.02733 30000 792 0.1
xyz2 phen_b10_cs X mwpm 3 3 0.03267 30000 1019 0.1
xyz2 phen_b10_cs X mwpm 3 3 0.038 30000 1537 0.1
xyz2 phen_b10_cs Y mwpm 3 3 0.022 30000 792 0.1
xyz2 phen_b10_cs Y mwpm 3 3 0.02733 30000 1094 0.1
xyz2 phen_b10_cs Y mwpm 3 3 0.03267 30000 1576 0.1
xzzx phen_b10_cs X mwpm 3 3 0.046 30000 1645 0.0
xyz2 phen_b10_cs Y mwpm 3 3 0.038 30000 2119 0.1
xzzx phen_b10_cs X mwpm 3 3 0.05133 30000 1921 0.0
xzzx phen_b10_cs X mwpm 3 3 0.05667 30000 2369 0.0
xzzx phen_b10_cs X mwpm 3 3 0.062 30000 2691 0.0
xzzx phen_b10_cs Z mwpm 3 3 0.046 30000 883 0.0
xzzx phen_b10_cs Z mwpm 3 3 0.05133 30000 1009 0.0
xzzx phen_b10_cs Z mwpm 3 3 0.05667 30000 1209 0.0
xzzx phen_b10_cs Z mwpm 3 3 0.062 30000 1438 0.0
