223 jobs
xzzx phen X bm 9 9 0.044 10000 646 53.8
xzzx phen X bm 9 9 0.041 10000 458 56.4
xzzx phen X bm 9 9 0.047 10000 891 54.4
xzzx phen_b10 Z bm 9 9 0.046 10000 217 52.4
xzzx phen_b10 Z bm 9 9 0.05 10000 335 56.3
xzzx phen_b10 Z bm 9 9 0.054 10000 453 56.4
xzzx phen_b10 X bm 9 9 0.054 10000 609 54.3
xzzx phen_b10 X bm 9 9 0.058 10000 738 54.2
xyz2 phen X seq_match 7 7 0.028 20000 360 22.7
xyz2 phen X seq_match 7 7 0.032 20000 621 23.8
xzzx phen_b10 X bm 9 9 0.062 10000 968 54.8
xyz2 phen X seq_match 7 7 0.036 20000 968 21.4
xyz2 phen X seq_match 7 7 0.04 20000 1431 23.0
xyz2 phen X seq_match 7 7 0.044 19500 2016 23.4
xyz2 phen_b10 X seq_match 7 7 0.03 20000 461 22.1
xyz2 phen_b10 X seq_match 7 7 0.035 20000 935 24.1
xyz2 phen_b10 X seq_match 7 7 0.04 20000 1552 25.5
xyz2 phen_b10 X seq_match 7 7 0.045 16500 2046 20.3
xyz2 phen X corr_links 7 7 0.028 20000 167 1.2
xyz2 phen X corr_links 7 7 0.032 20000 299 1.5
xyz2 phen_b10 X seq_match 7 7 0.05 11500 2010 14.5
xyz2 phen X corr_links 7 7 0.036 20000 536 1.9
xyz2 phen X corr_links 7 7 0.04 20000 869 1.9
xyz2 phen X corr_links 7 7 0.044 20000 1331 2.3
xyz2 phen_b10 X corr_links 7 7 0.03 20000 160 1.5
xyz2 phen_b10 X corr_links 7 7 0.035 20000 423 1.7
xyz2 phen_b10 X corr_links 7 7 0.04 20000 809 2.1
xyz2 phen_b10 X corr_links 7 7 0.045 20000 1411 2.0
xyz2 phen_b10 X corr_links 7 7 0.05 17000 2020 2.3
xyz2 phen Y seq_match 7 7 0.028 20000 385 21.7
xyz2 phen Y seq_match 7 7 0.032 20000 689 22.0
xyz2 phen Y seq_match 7 7 0.036 20000 1150 24.4
xyz2 phen Y seq_match 7 7 0.04 20000 1652 26.0
xyz2 phen Y seq_match 7 7 0.044 17000 2005 21.0
xyz2 phen_b10 Y seq_match 7 7 0.03 20000 467 21.7
xyz2 phen_b10 Y seq_match 7 7 0.035 20000 945 22.8
xyz2 phen_b10 Y seq_match 7 7 0.04 20000 1614 23.4
xyz2 phen_b10 Y seq_match 7 7 0.05 11000 2013 13.9
xyz2 phen Y corr_links 7 7 0.028 20000 194 1.3
xyz2 phen_b10 Y seq_match 7 7 0.045 16000 2027 20.3
xyz2 phen Y corr_links 7 7 0.032 20000 408 1.5
xyz2 phen Y corr_links 7 7 0.036 20000 685 1.9
xyz2 phen Y corr_links 7 7 0.04 20000 1091 1.8
xyz2 phen_b10 Y corr_links 7 7 0.03 20000 205 1.5
xyz2 phen Y corr_links 7 7 0.044 20000 1619 2.3
xyz2 phen_b10 Y corr_links 7 7 0.035 20000 438 1.9
xyz2 phen_b10 Y corr_links 7 7 0.04 20000 890 2.3
xyz2 phen_b10 Y corr_links 7 7 0.045 20000 1510 2.6
xyz2 phen_b10 Y corr_links 7 7 0.05 17000 2031 2.1
xzzx phen Z bm 7 7 0.047 20000 1826 51.6
xzzx phen X bm 7 7 0.047 20000 1744 54.6
xzzx phen X bm 7 7 0.047 20000 1699 51.5
xyz2 phen X bm 9 9 0.036 8000 183 71.2
xyz2 phen X bm 9 9 0.039 8000 266 69.6
xyz2 phen X bm 9 9 0.042 8000 395 71.3
xyz2 phen_b10 X bm 9 9 0.052 8000 378 70.6
xyz2 phen_b10 X bm 9 9 0.055 8000 513 70.9
xyz2 phen_b10 X bm 9 9 0.058 8000 752 71.0
xyz2 phen X bm 7 7 0.036 12000 288 49.5
xyz2 phen X bm 7 7 0.039 12000 457 50.5
xyz2 phen X bm 7 7 0.042 12000 624 52.0
xyz2 phen_b10 X bm 7 7 0.052 12000 596 50.2
xyz2 phen_b10 X bm 7 7 0.055 12000 780 51.6
xyz2 phen Y bm 7 7 0.047 8000 760 34.3
xyz2 phen Y bm 7 7 0.05 8000 954 32.9
xyz2 phen Y bp_full 7 7 0.047 8000 737 73.6
xyz2 phen Y bp_full 7 7 0.05 8000 956 73.7
xyz2 phen X seq_match 5 5 0.028 20000 427 9.1
xyz2 phen X seq_match 5 5 0.032 20000 660 8.6
xyz2 phen X seq_match 5 5 0.036 20000 1015 9.2
xyz2 phen X seq_match 5 5 0.04 20000 1276 8.5
xyz2 phen X seq_match 5 5 0.044 20000 1680 9.6
xyz2 phen_b10 X seq_match 5 5 0.03 20000 563 8.2
xyz2 phen_b10 X seq_match 5 5 0.035 20000 898 8.8
xyz2 phen_b10 X seq_match 5 5 0.04 20000 1430 8.7
xyz2 phen_b10 X seq_match 5 5 0.05 15000 2014 6.8
xyz2 phen X corr_links 5 5 0.028 20000 230 0.3
xyz2 phen_b10 X seq_match 5 5 0.045 20000 1961 9.0
xyz2 phen X corr_links 5 5 0.032 20000 365 0.4
xyz2 phen X corr_links 5 5 0.036 20000 613 0.5
xyz2 phen X corr_links 5 5 0.04 20000 849 0.5
xyz2 phen X corr_links 5 5 0.044 20000 1149 0.6
xyz2 phen_b10 X corr_links 5 5 0.03 20000 280 0.4
xyz2 phen_b10 X corr_links 5 5 0.035 20000 476 0.5
xyz2 phen_b10 X corr_links 5 5 0.04 20000 800 0.6
xyz2 phen_b10 X corr_links 5 5 0.045 20000 1252 0.7
xyz2 phen_b10 X corr_links 5 5 0.05 20000 1758 0.8
xyz2 phen Y seq_match 5 5 0.028 20000 554 8.1
xyz2 phen Y seq_match 5 5 0.032 20000 808 7.8
xyz2 phen Y seq_match 5 5 0.036 20000 1144 8.6
xyz2 phen Y seq_match 5 5 0.04 20000 1559 9.3
xyz2 phen Y seq_match 5 5 0.044 20000 1985 8.6
xyz2 phen_b10 Y seq_match 5 5 0.03 20000 632 8.5
xyz2 phen_b10 Y seq_match 5 5 0.035 20000 1042 8.4
xyz2 phen_b10 Y seq_match 5 5 0.04 20000 1479 8.9
xyz2 phen_b10 Y seq_match 5 5 0.05 14500 2037 5.6
xyz2 phen Y corr_links 5 5 0.028 20000 372 0.4
xyz2 phen Y corr_links 5 5 0.032 20000 501 0.4
xyz2 phen_b10 Y seq_match 5 5 0.045 19000 2003 7.9
xyz2 phen Y corr_links 5 5 0.036 20000 833 0.5
xyz2 phen Y corr_links 5 5 0.04 20000 1113 0.6
xyz2 phen Y corr_links 5 5 0.044 20000 1556 0.7
xyz2 phen_b10 Y corr_links 5 5 0.03 20000 330 0.5
xyz2 phen_b10 Y corr_links 5 5 0.035 20000 612 0.5
xyz2 phen_b10 Y corr_links 5 5 0.04 20000 934 0.6
xyz2 phen_b10 Y corr_links 5 5 0.045 20000 1409 0.7
xyz2 phen_b10 Y corr_links 5 5 0.05 19500 2034 0.8
xzzx phen Z bm 5 5 0.047 20000 1662 15.9
xzzx phen X bm 5 5 0.047 20000 1643 16.5
xyz2 phen Y bm 5 5 0.047 12000 1052 17.0
xyz2 phen Y bm 5 5 0.05 12000 1219 18.0
xyz2 phen Y bp_full 5 5 0.047 12000 1043 35.6
xyz2 phen X seq_match 3 3 0.028 20000 471 2.6
xyz2 phen Y bp_full 5 5 0.05 12000 1281 37.2
xyz2 phen X seq_match 3 3 0.032 20000 662 2.3
xyz2 phen X seq_match 3 3 0.036 20000 766 3.0
xyz2 phen X seq_match 3 3 0.04 20000 949 2.6
xyz2 phen X seq_match 3 3 0.044 20000 1183 2.7
xyz2 phen_b10 X seq_match 3 3 0.03 20000 646 2.5
xyz2 phen_b10 X seq_match 3 3 0.035 20000 930 2.7
xyz2 phen_b10 X seq_match 3 3 0.04 20000 1251 2.7
xyz2 phen_b10 X seq_match 3 3 0.045 20000 1564 2.8
xyz2 phen X corr_links 3 3 0.028 20000 303 0.1
xyz2 phen X corr_links 3 3 0.032 20000 423 0.1
xyz2 phen X corr_links 3 3 0.036 20000 611 0.1
xyz2 phen X corr_links 3 3 0.04 20000 718 0.1
xyz2 phen X corr_links 3 3 0.044 20000 850 0.1
xyz2 phen_b10 X corr_links 3 3 0.03 20000 444 0.1
xyz2 phen_b10 X corr_links 3 3 0.035 20000 608 0.1
xyz2 phen_b10 X corr_links 3 3 0.04 20000 831 0.1
xyz2 phen_b10 X seq_match 3 3 0.05 20000 1878 2.6
xyz2 phen_b10 X corr_links 3 3 0.045 20000 1141 0.1
xyz2 phen_b10 X corr_links 3 3 0.05 20000 1377 0.2
xyz2 phen Y seq_match 3 3 0.028 20000 828 2.3
xyz2 phen Y seq_match 3 3 0.032 20000 1138 2.4
xyz2 phen Y seq_match 3 3 0.036 20000 1325 2.4
xyz2 phen Y seq_match 3 3 0.04 20000 1605 2.3
xyz2 phen_b10 Y seq_match 3 3 0.03 20000 856 2.6
xyz2 phen Y seq_match 3 3 0.044 20000 1893 2.7
xyz2 phen_b10 Y seq_match 3 3 0.035 20000 1110 2.7
xyz2 phen_b10 Y seq_match 3 3 0.04 20000 1483 2.8
xyz2 phen_b10 Y seq_match 3 3 0.045 20000 1788 2.6
xyz2 phen_b10 Y seq_match 3 3 0.05 18500 2027 2.4
xyz2 phen Y corr_links 3 3 0.028 20000 670 0.1
xyz2 phen Y corr_links 3 3 0.032 20000 870 0.1
xyz2 phen Y corr_links 3 3 0.036 20000 1125 0.1
xyz2 phen Y corr_links 3 3 0.04 20000 1342 0.1
xyz2 phen Y corr_links 3 3 0.044 20000 1570 0.1
xyz2 phen_b10 Y corr_links 3 3 0.03 20000 581 0.1
xyz2 phen_b10 Y corr_links 3 3 0.035 20000 821 0.1
xyz2 phen_b10 Y corr_links 3 3 0.04 20000 1169 0.1
xyz2 phen_b10 Y corr_links 3 3 0.045 20000 1390 0.1
xyz2 phen_b10 Y corr_links 3 3 0.05 20000 1764 0.1
xzzx phen X bm 3 3 0.047 20000 1521 2.3
xzzx phen Z bm 3 3 0.047 20000 1615 2.5
xyz2 phen Y bm 3 3 0.05 12000 1221 3.4
xyz2 phen Y bm 3 3 0.047 12000 1086 3.8
xyz2 phen Y bp_full 3 3 0.047 12000 1064 3.7
xyz2 phen Y bp_full 3 3 0.05 12000 1194 4.4
xyz2 phen_b10 X mwpm 9 9 0.022 40000 127 2.1
xyz2 phen_b10 X mwpm 9 9 0.026 40000 471 2.3
xyz2 phen_b10 X mwpm 9 9 0.03 40000 1152 2.7
xyz2 phen_b10 X mwpm 9 9 0.034 40000 2219 3.1
xyz2 phen_b10 X mwpm 9 9 0.038 40000 4085 3.7
xyz2 phen_b10 X mwpm 9 9 0.042 26000 4173 3.0
xyz2 phen X mwpm 9 9 0.024 40000 248 2.0
xyz2 phen X mwpm 9 9 0.028 40000 646 2.4
xyz2 phen_b10 Y mwpm 9 9 0.022 40000 206 1.9
xyz2 phen_b10 Y mwpm 9 9 0.026 40000 496 2.2
xyz2 phen_b10 Y mwpm 9 9 0.03 40000 1244 2.5
xyz2 phen_b10 Y mwpm 9 9 0.034 40000 2560 3.7
xyz2 phen_b10 Y mwpm 9 9 0.038 38000 4191 4.0
xyz2 phen Y mwpm 9 9 0.024 40000 314 1.9
xyz2 phen_b10 Y mwpm 9 9 0.042 24000 4141 3.2
xyz2 phen_b10 X mwpm 7 7 0.022 40000 233 0.9
xyz2 phen_b10 X mwpm 7 7 0.026 40000 555 1.0
xyz2 phen Y mwpm 9 9 0.028 40000 814 2.4
xyz2 phen_b10 X mwpm 7 7 0.03 40000 1199 1.0
xyz2 phen_b10 X mwpm 7 7 0.034 40000 2037 1.5
xyz2 phen_b10 X mwpm 7 7 0.038 40000 3386 1.8
xyz2 phen_b10 X mwpm 7 7 0.042 34000 4242 1.7
xyz2 phen X mwpm 7 7 0.024 40000 342 0.9
xyz2 phen_b10 Y mwpm 7 7 0.022 40000 316 0.7
xyz2 phen X mwpm 7 7 0.028 40000 713 0.9
xyz2 phen_b10 Y mwpm 7 7 0.026 40000 694 0.9
xyz2 phen_b10 Y mwpm 7 7 0.03 40000 1323 1.1
xyz2 phen_b10 Y mwpm 7 7 0.034 40000 2391 1.4
xyz2 phen_b10 Y mwpm 7 7 0.038 40000 3728 1.5
xyz2 phen Y mwpm 7 7 0.024 40000 524 0.8
xyz2 phen_b10 Y mwpm 7 7 0.042 30000 4102 1.5
xyz2 phen_b10 X mwpm 5 5 0.022 40000 375 0.3
xyz2 phen_b10 X mwpm 5 5 0.026 40000 717 0.3
xyz2 phen Y mwpm 7 7 0.028 40000 980 1.0
xyz2 phen_b10 X mwpm 5 5 0.03 40000 1112 0.4
xyz2 phen_b10 X mwpm 5 5 0.034 40000 1843 0.5
xyz2 phen_b10 X mwpm 5 5 0.038 40000 2602 0.5
xyz2 phen X mwpm 5 5 0.024 40000 445 0.3
xyz2 phen_b10 X mwpm 5 5 0.042 40000 3398 0.6
xyz2 phen X mwpm 5 5 0.028 40000 803 0.3
xyz2 phen_b10 Y mwpm 5 5 0.022 40000 546 0.3
xyz2 phen_b10 Y mwpm 5 5 0.026 40000 936 0.3
xyz2 phen_b10 Y mwpm 5 5 0.03 40000 1499 0.4
xyz2 phen_b10 Y mwpm 5 5 0.034 40000 2232 0.4
xyz2 phen_b10 Y mwpm 5 5 0.038 40000 3119 0.4
xyz2 phen Y mwpm 5 5 0.024 40000 735 0.2
xyz2 phen_b10 Y mwpm 5 5 0.042 40000 4099 0.6
xyz2 phen_b10 X mwpm 3 3 0.022 40000 631 0.1
xyz2 phen_b10 X mwpm 3 3 0.026 40000 885 0.1
xyz2 phen Y mwpm 5 5 0.028 40000 1283 0.4
xyz2 phen_b10 X mwpm 3 3 0.03 40000 1155 0.1
xyz2 phen_b10 X mwpm 3 3 0.034 40000 1586 0.1
xyz2 phen_b10 X mwpm 3 3 0.038 40000 1914 0.1
xyz2 phen_b10 X mwpm 3 3 0.042 40000 2378 0.1
xyz2 phen X mwpm 3 3 0.024 40000 576 0.1
xyz2 phen_b10 Y mwpm 3 3 0.022 40000 962 0.1
xyz2 phen X mwpm 3 3 0.028 40000 793 0.1
xyz2 phen_b10 Y mwpm 3 3 0.026 40000 1367 0.1
xyz2 phen_b10 Y mwpm 3 3 0.03 40000 1845 0.1
xyz2 phen_b10 Y mwpm 3 3 0.034 40000 2265 0.1
xyz2 phen_b10 Y mwpm 3 3 0.038 40000 2821 0.1
xyz2 phen Y mwpm 3 3 0.024 40000 1320 0.1
xyz2 phen_b10 Y mwpm 3 3 0.042 40000 3269 0.1
xyz2 phen Y mwpm 3 3 0.028 40000 1675 0.1
