30 jobs
xzzx phen_b10 Z bm 9 9 0.062 10000 801 51.9
xzzx phen_b10 Z bm 9 9 0.058 10000 665 53.0
xzzx phen_b10 X mwpm 11 11 0.05 30000 1246 3.1
xzzx phen_b10 X mwpm 11 11 0.054 30000 1769 3.3
xzzx phen_b10 X mwpm 11 11 0.058 30000 2607 3.6
xzzx phen_b10 X mwpm 11 11 0.062 30000 3452 4.1
xzzx phen X mwpm 11 11 0.035 30000 1428 2.5
xzzx phen X mwpm 11 11 0.038 30000 2022 2.4
xzzx phen X mwpm 11 11 0.041 30000 3117 3.3
xzzx phen X mwpm 11 11 0.044 25000 3517 2.9
xzzx phen_b10 Z mwpm 11 11 0.05 30000 1015 2.8
xzzx phen_b10 Z mwpm 11 11 0.054 30000 1580 3.2
xzzx phen_b10 Z mwpm 11 11 0.058 30000 2239 3.4
xzzx phen Z mwpm 11 11 0.035 30000 1397 2.2
xzzx phen_b10 Z mwpm 11 11 0.062 30000 3044 3.8
xzzx phen Z mwpm 11 11 0.038 30000 2096 3.1
xzzx phen Z mwpm 11 11 0.041 30000 3052 3.6
xzzx phen Z mwpm 11 11 0.044 25000 3516 3.3
xyz2 phen_b10 X mwpm 11 11 0.026 30000 246 3.6
xyz2 phen_b10 X mwpm 11 11 0.03 30000 812 4.3
xyz2 phen_b10 X mwpm 11 11 0.034 30000 1909 5.0
xyz2 phen X mwpm 11 11 0.028 30000 415 3.6
xyz2 phen X mwpm 11 11 0.032 30000 993 4.2
xyz2 phen X mwpm 11 11 0.035 30000 1839 4.2
xyz2 phen_b10 Y mwpm 11 11 0.026 30000 294 3.4
xyz2 phen_b10 Y mwpm 11 11 0.03 30000 916 4.4
xyz2 phen_b10 Y mwpm 11 11 0.034 30000 1953 4.3
xyz2 phen Y mwpm 11 11 0.028 30000 483 3.6
xyz2 phen Y mwpm 11 11 0.032 30000 1259 4.5
xyz2 phen Y mwpm 11 11 0.035 30000 2085 5.1
